INFO:     Started server process [38672]
INFO:     Waiting for application startup.
INFO:     Application startup complete.
INFO:     Uvicorn running on http://0.0.0.0:8001 (Press CTRL+C to quit)
2026-05-10 17:15:45,520 - httpx - INFO - HTTP Request: GET https://docs.google.com/spreadsheets/d/1tmeFdbc887Bn7UpsWFLvZpGYnC8huGe8qBetSWYkQYA/gviz/tq?tqx=out:csv&sheet=Intake_Record "HTTP/1.1 200 OK"
2026-05-10 17:15:46,437 - httpx - INFO - HTTP Request: GET https://docs.google.com/spreadsheets/d/1tmeFdbc887Bn7UpsWFLvZpGYnC8huGe8qBetSWYkQYA/gviz/tq?tqx=out:csv&sheet=Opportunities_Qualification "HTTP/1.1 200 OK"
2026-05-10 17:15:47,405 - httpx - INFO - HTTP Request: GET https://docs.google.com/spreadsheets/d/1tmeFdbc887Bn7UpsWFLvZpGYnC8huGe8qBetSWYkQYA/gviz/tq?tqx=out:csv&sheet=BDsMastersheet "HTTP/1.1 200 OK"
2026-05-10 17:15:48,295 - httpx - INFO - HTTP Request: GET https://docs.google.com/spreadsheets/d/1tmeFdbc887Bn7UpsWFLvZpGYnC8huGe8qBetSWYkQYA/gviz/tq?tqx=out:csv&sheet=Lists_Validation "HTTP/1.1 200 OK"
2026-05-10 17:25:19,691 - httpx - INFO - HTTP Request: GET https://docs.google.com/spreadsheets/d/1tmeFdbc887Bn7UpsWFLvZpGYnC8huGe8qBetSWYkQYA/gviz/tq?tqx=out:csv&sheet=Intake_Record "HTTP/1.1 200 OK"
2026-05-10 17:25:20,499 - httpx - INFO - HTTP Request: GET https://docs.google.com/spreadsheets/d/1tmeFdbc887Bn7UpsWFLvZpGYnC8huGe8qBetSWYkQYA/gviz/tq?tqx=out:csv&sheet=Opportunities_Qualification "HTTP/1.1 200 OK"
2026-05-10 17:25:21,382 - httpx - INFO - HTTP Request: GET https://docs.google.com/spreadsheets/d/1tmeFdbc887Bn7UpsWFLvZpGYnC8huGe8qBetSWYkQYA/gviz/tq?tqx=out:csv&sheet=BDsMastersheet "HTTP/1.1 200 OK"
2026-05-10 17:25:22,231 - httpx - INFO - HTTP Request: GET https://docs.google.com/spreadsheets/d/1tmeFdbc887Bn7UpsWFLvZpGYnC8huGe8qBetSWYkQYA/gviz/tq?tqx=out:csv&sheet=Lists_Validation "HTTP/1.1 200 OK"
2026-05-10 17:26:17,361 - httpx - INFO - HTTP Request: GET https://docs.google.com/spreadsheets/d/1tmeFdbc887Bn7UpsWFLvZpGYnC8huGe8qBetSWYkQYA/gviz/tq?tqx=out:csv&sheet=Intake_Record "HTTP/1.1 200 OK"
2026-05-10 17:26:18,164 - httpx - INFO - HTTP Request: GET https://docs.google.com/spreadsheets/d/1tmeFdbc887Bn7UpsWFLvZpGYnC8huGe8qBetSWYkQYA/gviz/tq?tqx=out:csv&sheet=Opportunities_Qualification "HTTP/1.1 200 OK"
2026-05-10 17:26:19,162 - httpx - INFO - HTTP Request: GET https://docs.google.com/spreadsheets/d/1tmeFdbc887Bn7UpsWFLvZpGYnC8huGe8qBetSWYkQYA/gviz/tq?tqx=out:csv&sheet=BDsMastersheet "HTTP/1.1 200 OK"
2026-05-10 17:26:20,095 - httpx - INFO - HTTP Request: GET https://docs.google.com/spreadsheets/d/1tmeFdbc887Bn7UpsWFLvZpGYnC8huGe8qBetSWYkQYA/gviz/tq?tqx=out:csv&sheet=Lists_Validation "HTTP/1.1 200 OK"
2026-05-10 17:37:46,545 - httpx - INFO - HTTP Request: GET https://docs.google.com/spreadsheets/d/1tmeFdbc887Bn7UpsWFLvZpGYnC8huGe8qBetSWYkQYA/gviz/tq?tqx=out:csv&sheet=Intake_Record "HTTP/1.1 200 OK"
2026-05-10 17:37:47,419 - httpx - INFO - HTTP Request: GET https://docs.google.com/spreadsheets/d/1tmeFdbc887Bn7UpsWFLvZpGYnC8huGe8qBetSWYkQYA/gviz/tq?tqx=out:csv&sheet=Opportunities_Qualification "HTTP/1.1 200 OK"
2026-05-10 17:37:48,435 - httpx - INFO - HTTP Request: GET https://docs.google.com/spreadsheets/d/1tmeFdbc887Bn7UpsWFLvZpGYnC8huGe8qBetSWYkQYA/gviz/tq?tqx=out:csv&sheet=BDsMastersheet "HTTP/1.1 200 OK"
2026-05-10 17:37:49,285 - httpx - INFO - HTTP Request: GET https://docs.google.com/spreadsheets/d/1tmeFdbc887Bn7UpsWFLvZpGYnC8huGe8qBetSWYkQYA/gviz/tq?tqx=out:csv&sheet=Lists_Validation "HTTP/1.1 200 OK"
2026-05-10 17:40:07,182 - httpx - INFO - HTTP Request: GET https://docs.google.com/spreadsheets/d/1tmeFdbc887Bn7UpsWFLvZpGYnC8huGe8qBetSWYkQYA/gviz/tq?tqx=out:csv&sheet=Intake_Record "HTTP/1.1 200 OK"
2026-05-10 17:40:07,943 - httpx - INFO - HTTP Request: GET https://docs.google.com/spreadsheets/d/1tmeFdbc887Bn7UpsWFLvZpGYnC8huGe8qBetSWYkQYA/gviz/tq?tqx=out:csv&sheet=Opportunities_Qualification "HTTP/1.1 200 OK"
2026-05-10 17:40:08,919 - httpx - INFO - HTTP Request: GET https://docs.google.com/spreadsheets/d/1tmeFdbc887Bn7UpsWFLvZpGYnC8huGe8qBetSWYkQYA/gviz/tq?tqx=out:csv&sheet=BDsMastersheet "HTTP/1.1 200 OK"
2026-05-10 17:40:09,741 - httpx - INFO - HTTP Request: GET https://docs.google.com/spreadsheets/d/1tmeFdbc887Bn7UpsWFLvZpGYnC8huGe8qBetSWYkQYA/gviz/tq?tqx=out:csv&sheet=Lists_Validation "HTTP/1.1 200 OK"
2026-05-10 18:59:15,293 - httpx - INFO - HTTP Request: GET https://docs.google.com/spreadsheets/d/1xKTWcapGCDnwEc1-_fxLwUMBGSFO9mTxDKYvgrS-U6I/export?format=csv&gid=912485061 "HTTP/1.1 307 Temporary Redirect"
2026-05-10 18:59:16,067 - httpx - INFO - HTTP Request: GET https://doc-04-4k-sheets.googleusercontent.com/export/54bogvaave6cua4cdnls17ksc4/59n329o9gt204dosbgd4vnf26k/1778428755000/107796112146888373593/*/1xKTWcapGCDnwEc1-_fxLwUMBGSFO9mTxDKYvgrS-U6I?format=csv&gid=912485061 "HTTP/1.1 200 OK"
2026-05-10 19:06:58,563 - httpx - INFO - HTTP Request: GET https://docs.google.com/spreadsheets/d/1tmeFdbc887Bn7UpsWFLvZpGYnC8huGe8qBetSWYkQYA/gviz/tq?tqx=out:csv&sheet=Intake_Record "HTTP/1.1 200 OK"
2026-05-10 19:06:59,798 - httpx - INFO - HTTP Request: GET https://docs.google.com/spreadsheets/d/1tmeFdbc887Bn7UpsWFLvZpGYnC8huGe8qBetSWYkQYA/gviz/tq?tqx=out:csv&sheet=Opportunities_Qualification "HTTP/1.1 200 OK"
2026-05-10 19:07:01,041 - httpx - INFO - HTTP Request: GET https://docs.google.com/spreadsheets/d/1tmeFdbc887Bn7UpsWFLvZpGYnC8huGe8qBetSWYkQYA/gviz/tq?tqx=out:csv&sheet=BDsMastersheet "HTTP/1.1 200 OK"
2026-05-10 19:07:02,087 - httpx - INFO - HTTP Request: GET https://docs.google.com/spreadsheets/d/1tmeFdbc887Bn7UpsWFLvZpGYnC8huGe8qBetSWYkQYA/gviz/tq?tqx=out:csv&sheet=Lists_Validation "HTTP/1.1 200 OK"
2026-05-10 19:18:58,234 - httpx - INFO - HTTP Request: GET https://docs.google.com/spreadsheets/d/1xKTWcapGCDnwEc1-_fxLwUMBGSFO9mTxDKYvgrS-U6I/export?format=csv&gid=912485061 "HTTP/1.1 307 Temporary Redirect"
2026-05-10 19:18:58,813 - httpx - INFO - HTTP Request: GET https://doc-04-4k-sheets.googleusercontent.com/export/54bogvaave6cua4cdnls17ksc4/ti78jej3s0lehv5fliee0l53tk/1778429935000/107796112146888373593/*/1xKTWcapGCDnwEc1-_fxLwUMBGSFO9mTxDKYvgrS-U6I?format=csv&gid=912485061 "HTTP/1.1 200 OK"
